---
source: compiler/flux-parser/src/grammar/expr.rs
expression: parse.to_string()
---
BinExpr@0..10
  IntExpr@0..6
    IntExpr@0..6 "0b1001"
  Star@6..7 "*"
  IntExpr@7..10
    IntExpr@7..10 "250"
