---
source: compiler/flux-parser/src/grammar/expr.rs
expression: parse.to_string()
---
BinExpr@0..9
  IntExpr@0..4
    IntExpr@0..4 "0xff"
  Minus@4..5 "-"
  IntExpr@5..9
    IntExpr@5..9 "0834"
