---
source: compiler/flux-parser/src/grammar/expr.rs
expression: parse.to_string()
---
BinExpr@0..7
  PathExpr@0..3
    Ident@0..3 "foo"
  Period@3..4 "."
  PathExpr@4..7
    Ident@4..7 "bar"
