---
source: flux-parser/src/grammar/expr.rs
expression: "&parse.debug_tree()"
---
IntExpr@0..9
  IntExpr@0..9 "081234567"
