---
source: compiler/flux-parser/src/grammar/expr.rs
expression: parse.to_string()
---
BinExpr@0..12
  FloatExpr@0..4
    FloatExpr@0..4 "1.02"
  Plus@4..5 "+"
  FloatExpr@5..12
    FloatExpr@5..12 "2.40_14"
