---
source: compiler/flux-parser/src/grammar/stmt.rs
expression: parse.to_string()
---
VarDecl@0..10
  LetKw@0..3 "let"
  Whitespace@3..4 " "
  Ident@4..5 "x"
  Whitespace@5..6 " "
  Eq@6..7 "="
  Whitespace@7..8 " "
  IntExpr@8..9
    IntExpr@8..9 "1"
  SemiColon@9..10 ";"
