---
source: compiler/flux-parser/src/grammar/expr.rs
expression: parse.to_string()
---
PathExpr@0..8
  Ident@0..3 "foo"
  DoubleColon@3..5 "::"
  Ident@5..8 "bar"
