---
source: compiler/flux-parser/src/grammar/expr.rs
expression: parse.to_string()
---
IntExpr@0..11
  IntExpr@0..11 "0b1_010_001"
