---
source: compiler/flux-parser/src/grammar/expr.rs
expression: "&parse.debug_tree()"
---
PathExpr@0..3
  Ident@0..3 "f0o"
