---
source: compiler/flux-parser/src/grammar/expr.rs
expression: parse.to_string()
---
IntExpr@0..9
  IntExpr@0..9 "1_000_000"
