---
source: compiler/flux-parser/src/grammar/expr.rs
expression: parse.to_string()
---
FloatExpr@0..3
  FloatExpr@0..3 "1.0"
