---
source: pi-parser/src/tests.rs
expression: "&expr"
---
node:
  PrimitiveType: I64
span:
  range:
    start: 0
    end: 3
  file_id: 0

