---
source: compiler/flux-typesystem/src/check.rs
expression: result
---
[31m[E0003] Error:[0m type mismatch
   [38;5;246mâ•­[0m[38;5;246mâ”€[0m[38;5;246m[[0mfoo.flx:1:1[38;5;246m][0m
   [38;5;246mâ”‚[0m
 [38;5;246m1 â”‚[0m 
 [38;5;246m  Â·[0m [31mâ”‚[0m 
 [38;5;246m  Â·[0m [31mâ•°[0m[31mâ”€[0m type mismatch between `*T` and `T`
 [38;5;246m  Â·[0m [34mâ”‚[0m 
 [38;5;246m  Â·[0m [34mâ•°[0m[34mâ”€[0m `*T`
 [38;5;246m  Â·[0m [34mâ”‚[0m 
 [38;5;246m  Â·[0m [34mâ•°[0m[34mâ”€[0m `T`
[38;5;246mâ”€â”€â”€â•¯[0m

