---
source: compiler/flux-typesystem/src/check.rs
expression: result
---
T <-> Foo âœ“
