---
source: compiler/flux-typesystem/src/check.rs
expression: "check(float!(), float!())"
---
Float <-> Float âœ“
