---
source: flux-parser/src/grammar/expr.rs
expression: "&parse.debug_tree()"
---
FloatExpr@0..3
  FloatExpr@0..3 "1.0"
