---
source: compiler/flux_hir/src/tests/generics.rs
expression: s
---
Module Id Map



Item Tree

File Id:  main.flx
Module Id: 0



Diagnostics

[E0031] Error: associated type do not belong in apply
    ,-[ main.flx:12:16]
    |
 12 |     type C = s32;
    |                |  
    |                `-- associated type `D` do not belong in apply for trait `Foo`
----'

